// 重构日志: 9dc9a61c
// 同步 ID: e51ddac1 @ Sun Jul 12 15:48:51 UTC 2026
// 重构日志: 7a1975d8
// 重构日志: 2b2f3193
// 重构日志: e21e5d25
// 重构日志: 7c340d4f
// 重构日志: a6f21b1b
// 重构日志: e6c7c330
// 重构日志: 543c72c8
// 重构日志: a9d9f666
// 重构日志: 31bc8f38
// 重构日志: f6dadf3b
// 重构日志: 0cbdcdba
// 重构日志: 00d4527d
// 重构日志: a594f200
// 重构日志: 5eeba788
// 重构日志: 549d5c62
// 同步 ID: 19c0a12c @ Tue Jul 28 00:36:37 UTC 2026
// 同步 ID: d89bde49 @ Tue Jul 28 04:18:40 UTC 2026
// 同步 ID: b63a3c91 @ Tue Jul 28 07:02:51 UTC 2026
// 同步 ID: ad16bde0 @ Wed Jul 29 00:38:07 UTC 2026
// 重构日志: 1b918429
// 重构日志: da05c3ff
// 重构日志: cadbe751
// 重构日志: 3c3eba7d
// 重构日志: 2fc095ab
// 同步 ID: c2f131e9 @ Fri Jul 31 18:38:44 UTC 2026
// 重构日志: f0729dd2
// 重构日志: 10f9693e
// 同步 ID: db562dde @ Tue Aug  4 04:16:03 UTC 2026
// 重构日志: e64e6044
// 重构日志: 61d40c90
